06-12 21:53:15.689 W/AdMob SDK( 1087): java.net.UnknownHostException: Host is unresolved: r.admob.com:80
06-12 21:53:15.689 W/AdMob SDK( 1087):  at java.net.Socket.connect(Socket.java:1002)
06-12 21:53:15.689 W/AdMob SDK( 1087):  at org.apache.harmony.luni.internal.net.www.protocol.http.HttpConnection.<init>(HttpConnection.java:67)
06-12 21:53:15.689 W/AdMob SDK( 1087):  at org.apache.harmony.luni.internal.net.www.protocol.http.HttpConnectionManager$ConnectionPool.getHttpConnection(HttpConnectionManager.java:151)
06-12 21:53:15.689 W/AdMob SDK( 1087):  at org.apache.harmony.luni.internal.net.www.protocol.http.HttpConnectionManager.getConnection(HttpConnectionManager.java:73)
06-12 21:53:15.689 W/AdMob SDK( 1087):  at org.apache.harmony.luni.internal.net.www.protocol.http.HttpURLConnection.getHTTPConnection(HttpURLConnection.java:826)
06-12 21:53:15.689 W/AdMob SDK( 1087):  at org.apache.harmony.luni.internal.net.www.protocol.http.HttpURLConnection.connect(HttpURLConnection.java:812)
06-12 21:53:15.689 W/AdMob SDK( 1087):  at org.apache.harmony.luni.internal.net.www.protocol.http.HttpURLConnection.sendRequest(HttpURLConnection.java:1227)
06-12 21:53:15.689 W/AdMob SDK( 1087):  at org.apache.harmony.luni.internal.net.www.protocol.http.HttpURLConnection.doRequestInternal(HttpURLConnection.java:1554)
06-12 21:53:15.689 W/AdMob SDK( 1087):  at org.apache.harmony.luni.internal.net.www.protocol.http.HttpURLConnection.doRequest(HttpURLConnection.java:1547)
06-12 21:53:15.689 W/AdMob SDK( 1087):  at org.apache.harmony.luni.internal.net.www.protocol.http.HttpURLConnection.getOutputStream(HttpURLConnection.java:1148)
06-12 21:53:15.689 W/AdMob SDK( 1087):  at com.admob.android.ads.AdRequester.requestAd(AdRequester.java:91)
06-12 21:53:15.689 W/AdMob SDK( 1087):  at com.admob.android.ads.AdView$1.run(AdView.java:310)
06-12 21:53:15.699 I/AdMob SDK( 1087): Server replied that no ads are available (20519ms)
06-12 21:53:18.149 V/P-WiFi Status Retriever(  524): ################## IOException
06-12 21:53:19.889 D/skia    ( 1087): purging 135K from font cache [18 entries]
06-12 21:53:20.059 D/dalvikvm( 1087): GC freed 8470 objects / 738160 bytes in 166ms
06-12 21:53:21.259 V/P-WiFi Status Retriever(  524): ################## IOException
06-12 21:53:24.369 V/P-WiFi Status Retriever(  524): ################## IOException
06-12 21:53:27.469 V/P-WiFi Status Retriever(  524): ################## IOException
06-12 21:53:29.079 D/dalvikvm(  129): GC freed 1613 objects / 63520 bytes in 156ms
06-12 21:53:30.569 V/P-WiFi Status Retriever(  524): ################## IOException
06-12 21:53:33.679 V/P-WiFi Status Retriever(  524): ################## IOException
06-12 21:53:33.879 D/skia    (  248): purging 54K from font cache [5 entries]
06-12 21:53:34.039 D/dalvikvm(  248): GC freed 1793 objects / 312456 bytes in 156ms
06-12 21:53:36.789 V/P-WiFi Status Retriever(  524): ################## IOException
06-12 21:53:39.889 V/P-WiFi Status Retriever(  524): ################## IOException
06-12 21:53:40.289 D/dalvikvm(  524): GC freed 10133 objects / 651592 bytes in 180ms
06-12 21:53:40.499 D/dalvikvm(  524): GC freed 1225 objects / 51400 bytes in 112ms
06-12 21:53:40.659 V/P-WiFi Status Retriever(  524): err unmatch
06-12 21:53:40.989 D/dalvikvm( 1087): GC freed 105 objects / 5368 bytes in 151ms
06-12 21:53:43.409 D/dalvikvm(  524): GC freed 702 objects / 232904 bytes in 160ms
06-12 21:53:45.249 D/dalvikvm(  524): GC freed 495 objects / 210864 bytes in 241ms
06-12 21:53:47.509 V/P-WiFi Status Retriever(  524): err unmatch
06-12 21:53:48.629 I/ActivityManager(   72): Starting activity: Intent { act=android.intent.action.MAIN cat=[android.intent.category.LAUNCHER] flg=0x10200000 cmp=com.android.email/.activity.Welcome }
06-12 21:53:48.699 I/ActivityManager(   72): Start proc com.android.email for activity com.android.email/.activity.FolderMessageList: pid=1116 uid=10017 gids={3003, 1015}
06-12 21:53:49.199 I/dalvikvm( 1116): Debugger thread not active, ignoring DDM send (t=0x41504e4d l=38)
06-12 21:53:49.319 I/dalvikvm( 1116): Debugger thread not active, ignoring DDM send (t=0x41504e4d l=38)
06-12 21:53:49.539 I/ActivityManager(   72): Displayed activity com.nd.android.panda.hero.home/.home.Launcher: 56115 ms (total 56115 ms)
06-12 21:53:49.629 I/ActivityThread( 1116): Publishing provider com.android.email.attachmentprovider: com.android.email.provider.AttachmentProvider
06-12 21:53:49.719 D/dalvikvm(  524): GC freed 704 objects / 232928 bytes in 1795ms
06-12 21:53:51.719 D/dalvikvm(  524): GC freed 495 objects / 210896 bytes in 476ms
06-12 21:53:51.999 V/P-WiFi Status Retriever(  524): err unmatch
06-12 21:53:52.719 D/dalvikvm(  524): GC freed 852 objects / 238336 bytes in 142ms
06-12 21:53:52.929 V/P-WiFi Status Retriever(  524): err unmatch
06-12 21:53:55.519 D/dalvikvm(  524): GC freed 1049 objects / 439568 bytes in 175ms
06-12 21:53:55.939 D/skia    (   72): purging 64K from font cache [9 entries]
06-12 21:53:56.269 D/dalvikvm(   72): GC freed 12638 objects / 521496 bytes in 332ms
06-12 21:53:56.699 V/P-WiFi Status Retriever(  524): err unmatch
06-12 21:53:57.299 D/dalvikvm(  524): GC freed 1182 objects / 443120 bytes in 219ms
06-12 21:53:57.839 V/P-WiFi Status Retriever(  524): err unmatch
06-12 21:53:58.439 D/NetworkLocationProvider(   72): onCellLocationChanged [38918,166150585]
06-12 21:53:58.449 I/ActivityManager(   72): Starting activity: Intent { cmp=com.android.email/.activity.setup.AccountSettings (has extras) }
06-12 21:53:58.639 D/dalvikvm( 1116): GC freed 4370 objects / 291496 bytes in 170ms
06-12 21:53:59.639 I/ActivityManager(   72): Displayed activity com.android.email/.activity.setup.AccountSettings: 993 ms (total 993 ms)
06-12 21:53:59.699 D/dalvikvm(  351): GC freed 9984 objects / 507896 bytes in 1491ms
06-12 21:54:00.219 D/dalvikvm(  524): GC freed 1197 objects / 443536 bytes in 140ms
06-12 21:54:00.609 V/P-WiFi Status Retriever(  524): err unmatch
06-12 21:54:01.069 D/dalvikvm(  524): GC freed 1197 objects / 445064 bytes in 125ms
06-12 21:54:01.409 V/P-WiFi Status Retriever(  524): err unmatch
06-12 21:54:04.089 D/dalvikvm(  524): GC freed 1201 objects / 443912 bytes in 145ms
06-12 21:54:04.509 V/P-WiFi Status Retriever(  524): err unmatch
06-12 21:54:04.839 D/dalvikvm(  524): GC freed 1197 objects / 444904 bytes in 229ms
06-12 21:54:04.979 V/P-WiFi Status Retriever(  524): err unmatch
06-12 21:54:07.939 D/dalvikvm(  524): GC freed 1197 objects / 443584 bytes in 205ms
06-12 21:54:08.389 V/P-WiFi Status Retriever(  524): err unmatch
06-12 21:54:08.619 D/dalvikvm(  524): GC freed 1197 objects / 444984 bytes in 125ms
06-12 21:54:08.949 V/P-WiFi Status Retriever(  524): err unmatch
06-12 21:54:11.569 W/InputManagerService(   72): Window already focused, ignoring focus gain of: com.android.internal.view.IInputMethodClient$Stub$Proxy@431bfb08
06-12 21:54:12.179 D/dalvikvm(  524): GC freed 1197 objects / 444944 bytes in 141ms
06-12 21:54:12.589 V/P-WiFi Status Retriever(  524): err unmatch
06-12 21:54:12.909 D/dalvikvm(  524): GC freed 1197 objects / 444976 bytes in 207ms
06-12 21:54:13.069 V/P-WiFi Status Retriever(  524): err unmatch
06-12 21:54:13.849 D/dalvikvm( 1116): GC freed 4589 objects / 419696 bytes in 144ms
06-12 21:54:14.409 D/HeroHomeLoaders( 1087): application intent received: android.intent.action.PACKAGE_CHANGED, replacing=false
06-12 21:54:14.549 D/HeroHomeLoaders( 1087):   --> package:com.android.email
06-12 21:54:14.549 D/HeroHomeLoaders( 1087):   --> sync package com.android.email
06-12 21:54:14.839 W/ResourceType(   72): No package identifier when getting value for resource number 0x7f060001
06-12 21:54:15.159 W/ResourceType(   72): No package identifier when getting value for resource number 0x7f080000
06-12 21:54:16.119 I/ActivityManager(   72): Stopping service: com.android.email/.service.MailService
06-12 21:54:16.569 D/HeroHomeLoaders( 1087): application intent received: android.intent.action.PACKAGE_CHANGED, replacing=false
06-12 21:54:16.569 D/HeroHomeLoaders( 1087):   --> package:com.android.email
06-12 21:54:16.569 D/HeroHomeLoaders( 1087):   --> sync package com.android.email
06-12 21:54:17.959 D/HeroHomeLoaders( 1087): application intent received: android.intent.action.PACKAGE_CHANGED, replacing=false
06-12 21:54:17.959 D/HeroHomeLoaders( 1087):   --> package:com.android.email
06-12 21:54:17.959 D/HeroHomeLoaders( 1087):   --> sync package com.android.email
06-12 21:54:18.279 D/HeroHomeLoaders( 1087): application intent received: android.intent.action.PACKAGE_CHANGED, replacing=false
06-12 21:54:18.279 D/HeroHomeLoaders( 1087):   --> package:com.android.email
06-12 21:54:18.279 D/HeroHomeLoaders( 1087):   --> sync package com.android.email
06-12 21:54:19.569 W/ResourceType(   72): No package identifier when getting value for resource number 0x7f060001
06-12 21:54:19.569 W/ResourceType(   72): No package identifier when getting value for resource number 0x7f080000
06-12 21:54:19.629 W/ResourceType(   72): No package identifier when getting value for resource number 0x7f060001
06-12 21:54:19.639 W/ResourceType(   72): No package identifier when getting value for resource number 0x7f080000
06-12 21:54:19.689 W/ResourceType(   72): No package identifier when getting value for resource number 0x7f060001
06-12 21:54:19.699 W/ResourceType(   72): No package identifier when getting value for resource number 0x7f080000
06-12 21:54:20.089 D/dalvikvm(  524): GC freed 1197 objects / 443520 bytes in 3255ms
06-12 21:54:20.369 I/ActivityManager(   72): Process com.android.email (pid 1116) has died.
06-12 21:54:20.369 I/ActivityManager(   72): Low Memory: No more background processes.
06-12 21:54:20.369 I/WindowManager(   72): WIN DEATH: Window{43332b28 com.android.email/com.android.email.activity.FolderMessageList paused=false}
06-12 21:54:20.809 V/P-WiFi Status Retriever(  524): err unmatch
06-12 21:54:21.189 D/dalvikvm(  524): GC freed 1196 objects / 441936 bytes in 127ms
06-12 21:54:21.349 V/P-WiFi Status Retriever(  524): err unmatch
06-12 21:54:24.079 D/dalvikvm( 1087): GC freed 7215 objects / 430032 bytes in 183ms
06-12 21:54:25.429 D/skia    ( 1087): purging 105K from font cache [12 entries]
06-12 21:54:25.579 D/dalvikvm( 1087): GC freed 991 objects / 51664 bytes in 155ms
06-12 21:54:26.199 D/NetworkLocationProvider(   72): onCellLocationChanged [38918,165511200]
06-12 21:54:27.159 D/dalvikvm(  524): GC freed 1197 objects / 443584 bytes in 1748ms
06-12 21:54:28.019 I/ActivityManager(   72): Starting activity: Intent { act=android.intent.action.MAIN cat=[android.intent.category.LAUNCHER] flg=0x10200000 cmp=com.android.email/.activity.Welcome }
06-12 21:54:28.179 I/ActivityManager(   72): Start proc com.android.email for activity com.android.email/.activity.Welcome: pid=1127 uid=10017 gids={3003, 1015}
06-12 21:54:28.719 V/P-WiFi Status Retriever(  524): err unmatch
06-12 21:54:29.219 I/dalvikvm( 1127): Debugger thread not active, ignoring DDM send (t=0x41504e4d l=38)
06-12 21:54:29.379 W/ActivityManager(   72): Activity destroy timeout for HistoryRecord{434af878 com.android.email/.activity.FolderMessageList}
06-12 21:54:29.409 I/dalvikvm( 1127): Debugger thread not active, ignoring DDM send (t=0x41504e4d l=38)
06-12 21:54:29.789 I/ActivityThread( 1127): Publishing provider com.android.email.attachmentprovider: com.android.email.provider.AttachmentProvider
06-12 21:54:30.419 I/ActivityManager(   72): Starting activity: Intent { cmp=com.android.email/.activity.FolderMessageList (has extras) }
06-12 21:54:31.229 I/ActivityManager(   72): Displayed activity com.android.email/.activity.FolderMessageList: 796 ms (total 3082 ms)
06-12 21:54:31.449 D/dalvikvm(  524): GC freed 1196 objects / 441936 bytes in 1868ms
06-12 21:54:32.279 V/P-WiFi Status Retriever(  524): err unmatch
06-12 21:54:32.589 D/dalvikvm(  524): GC freed 1197 objects / 444944 bytes in 184ms
06-12 21:54:32.779 V/P-WiFi Status Retriever(  524): err unmatch
06-12 21:54:33.139 D/dalvikvm( 1127): GC freed 4569 objects / 294960 bytes in 162ms
06-12 21:54:34.899 D/dalvikvm( 1127): GC freed 7644 objects / 413080 bytes in 158ms
06-12 21:54:35.779 D/dalvikvm(  524): GC freed 1201 objects / 444136 bytes in 180ms
06-12 21:54:36.699 D/dalvikvm(  129): GC freed 1570 objects / 68016 bytes in 274ms
06-12 21:54:37.029 V/P-WiFi Status Retriever(  524): err unmatch
06-12 21:54:37.509 D/dalvikvm(  524): GC freed 1196 objects / 441784 bytes in 205ms
06-12 21:54:37.789 D/dalvikvm( 1127): GC freed 7089 objects / 382440 bytes in 172ms
06-12 21:54:37.859 V/P-WiFi Status Retriever(  524): err unmatch
06-12 21:54:40.469 D/dalvikvm(  524): GC freed 1201 objects / 444144 bytes in 171ms
06-12 21:54:40.659 V/P-WiFi Status Retriever(  524): err unmatch
06-12 21:54:41.549 D/dalvikvm(  248): GC freed 862 objects / 31720 bytes in 205ms
06-12 21:54:41.639 D/dalvikvm(  524): GC freed 1197 objects / 443608 bytes in 668ms
06-12 21:54:42.339 D/dalvikvm( 1127): GC freed 10106 objects / 501888 bytes in 173ms
06-12 21:54:42.589 V/P-WiFi Status Retriever(  524): err unmatch
06-12 21:54:44.019 D/dalvikvm(  524): GC freed 1200 objects / 442456 bytes in 129ms
06-12 21:54:44.539 V/P-WiFi Status Retriever(  524): err unmatch
06-12 21:54:45.969 D/dalvikvm(  524): GC freed 1197 objects / 443616 bytes in 128ms
06-12 21:54:46.409 V/P-WiFi Status Retriever(  524): err unmatch
06-12 21:54:46.419 D/dalvikvm(  351): GC freed 10036 objects / 509992 bytes in 261ms
06-12 21:54:46.899 D/skia    (   72): purging 64K from font cache [9 entries]
06-12 21:54:47.269 D/dalvikvm(   72): GC freed 22689 objects / 970680 bytes in 370ms
06-12 21:54:47.769 D/dalvikvm(  524): GC freed 1197 objects / 445032 bytes in 127ms
06-12 21:54:47.929 V/P-WiFi Status Retriever(  524): err unmatch
06-12 21:54:49.979 D/dalvikvm(  524): GC freed 1197 objects / 443608 bytes in 148ms
06-12 21:54:50.589 V/P-WiFi Status Retriever(  524): err unmatch
06-12 21:54:51.369 D/dalvikvm(  524): GC freed 1197 objects / 443824 bytes in 197ms
06-12 21:54:51.829 V/P-WiFi Status Retriever(  524): err unmatch
06-12 21:54:53.969 D/dalvikvm(  524): GC freed 1196 objects / 441760 bytes in 140ms
06-12 21:54:54.579 V/P-WiFi Status Retriever(  524): err unmatch
06-12 21:54:55.069 D/dalvikvm(  524): GC freed 1197 objects / 443808 bytes in 125ms
06-12 21:54:55.259 V/P-WiFi Status Retriever(  524): err unmatch
06-12 21:54:57.959 D/dalvikvm(  524): GC freed 1196 objects / 442032 bytes in 138ms
06-12 21:54:58.489 V/P-WiFi Status Retriever(  524): err unmatch
06-12 21:54:58.709 D/dalvikvm(  524): GC freed 1196 objects / 441928 bytes in 122ms
06-12 21:54:58.869 V/P-WiFi Status Retriever(  524): err unmatch
06-12 21:55:01.959 D/dalvikvm(  524): GC freed 1197 objects / 443584 bytes in 140ms
06-12 21:55:02.559 W/InputManagerService(   72): Window already focused, ignoring focus gain of: com.android.internal.view.IInputMethodClient$Stub$Proxy@4337b828
06-12 21:55:02.609 V/P-WiFi Status Retriever(  524): err unmatch
06-12 21:55:03.559 D/dalvikvm(  524): GC freed 1196 objects / 441976 bytes in 782ms
06-12 21:55:04.579 V/P-WiFi Status Retriever(  524): err unmatch
06-12 21:55:04.949 D/dalvikvm( 1127): GC freed 8505 objects / 403544 bytes in 193ms
06-12 21:55:05.089 D/skia    ( 1100): purging 23K from font cache [3 entries]
06-12 21:55:05.569 D/dalvikvm( 1100): GC freed 2134 objects / 142208 bytes in 472ms
06-12 21:55:06.089 D/dalvikvm(  524): GC freed 1201 objects / 443992 bytes in 166ms
06-12 21:55:06.319 I/ActivityManager(   72): Start proc org.kman.WifiManager for broadcast org.kman.WifiManager/.WifiWidget: pid=1144 uid=10059 gids={3003}
06-12 21:55:06.479 I/dalvikvm( 1144): Debugger thread not active, ignoring DDM send (t=0x41504e4d l=38)
06-12 21:55:06.509 I/dalvikvm( 1144): Debugger thread not active, ignoring DDM send (t=0x41504e4d l=44)
06-12 21:55:07.109 V/P-WiFi Status Retriever(  524): err unmatch
06-12 21:55:07.839 D/dalvikvm(  524): GC freed 1196 objects / 442304 bytes in 140ms
06-12 21:55:08.009 V/P-WiFi Status Retriever(  524): err unmatch
06-12 21:55:09.069 D/dalvikvm(  362): GC freed 11193 objects / 524832 bytes in 164ms
06-12 21:55:09.859 I/ActivityManager(   72): Process org.kman.WifiManager (pid 1144) has died.
06-12 21:55:09.859 I/ActivityManager(   72): Low Memory: No more background processes.
06-12 21:55:10.589 D/OpenSSLSessionImpl( 1127): Freeing OpenSSL session
06-12 21:55:10.609 D/dalvikvm( 1127): GC freed 10442 objects / 599824 bytes in 184ms
06-12 21:55:11.509 D/dalvikvm(  524): GC freed 1197 objects / 443584 bytes in 759ms
06-12 21:55:11.949 V/P-WiFi Status Retriever(  524): err unmatch
06-12 21:55:12.389 I/ActivityManager(   72): Start proc org.kman.WifiManager for broadcast org.kman.WifiManager/.WifiWidget: pid=1152 uid=10059 gids={3003}
06-12 21:55:12.559 I/dalvikvm( 1152): Debugger thread not active, ignoring DDM send (t=0x41504e4d l=38)
06-12 21:55:12.589 I/dalvikvm( 1152): Debugger thread not active, ignoring DDM send (t=0x41504e4d l=44)
06-12 21:55:13.009 D/dalvikvm(  524): GC freed 1197 objects / 445064 bytes in 909ms
06-12 21:55:13.219 V/P-WiFi Status Retriever(  524): err unmatch
06-12 21:55:14.639 D/dalvikvm( 1127): GC freed 9484 objects / 482096 bytes in 187ms
06-12 21:55:15.269 D/dalvikvm(  524): GC freed 1197 objects / 444864 bytes in 165ms
06-12 21:55:15.449 V/P-WiFi Status Retriever(  524): err unmatch
06-12 21:55:16.469 D/dalvikvm(  524): GC freed 1197 objects / 443768 bytes in 138ms
06-12 21:55:16.689 V/P-WiFi Status Retriever(  524): err unmatch
06-12 21:55:16.979 D/dalvikvm( 1127): GC freed 7585 objects / 457440 bytes in 182ms
06-12 21:55:19.019 D/dalvikvm(  369): GC freed 100 objects / 4160 bytes in 920ms
06-12 21:55:19.099 D/dalvikvm(  524): GC freed 1197 objects / 443632 bytes in 281ms
06-12 21:55:19.499 D/dalvikvm( 1127): GC freed 5453 objects / 308464 bytes in 190ms
06-12 21:55:19.729 V/P-WiFi Status Retriever(  524): err unmatch
06-12 21:55:20.429 D/dalvikvm(  524): GC freed 1196 objects / 442040 bytes in 351ms
06-12 21:55:20.909 V/P-WiFi Status Retriever(  524): err unmatch
06-12 21:55:23.159 D/dalvikvm(  524): GC freed 1197 objects / 444856 bytes in 138ms
06-12 21:55:23.489 D/skia    (  354): purging 77K from font cache [10 entries]
06-12 21:55:23.689 V/P-WiFi Status Retriever(  524): err unmatch
06-12 21:55:23.949 D/dalvikvm(  354): GC freed 22953 objects / 513840 bytes in 457ms
06-12 21:55:24.139 D/dalvikvm(  524): GC freed 1197 objects / 443736 bytes in 148ms
06-12 21:55:24.299 V/P-WiFi Status Retriever(  524): err unmatch
06-12 21:55:26.159 I/ActivityManager(   72): Start proc com.android.settings for broadcast com.android.settings/.widget.SettingsAppWidgetProvider: pid=1160 uid=1000 gids={3003, 3002, 3001}
06-12 21:55:26.209 I/ActivityManager(   72): Starting activity: Intent { act=android.intent.action.MAIN cat=[android.intent.category.HOME] flg=0x10200000 cmp=ms.salt.prehome/.PreHome }
06-12 21:55:26.489 I/dalvikvm( 1160): Debugger thread not active, ignoring DDM send (t=0x41504e4d l=38)
06-12 21:55:26.529 I/dalvikvm( 1160): Debugger thread not active, ignoring DDM send (t=0x41504e4d l=44)
06-12 21:55:26.899 I/ActivityManager(   72): Displayed activity ms.salt.prehome/.PreHome: 628 ms (total 628 ms)
06-12 21:55:27.459 I/ActivityManager(   72): Process org.kman.WifiManager (pid 1152) has died.
06-12 21:55:27.459 I/ActivityManager(   72): Low Memory: No more background processes.
06-12 21:55:27.809 I/ActivityManager(   72): Process com.android.settings (pid 1160) has died.
06-12 21:55:27.809 I/ActivityManager(   72): Low Memory: No more background processes.
06-12 21:55:27.909 D/dalvikvm(  524): GC freed 1197 objects / 443528 bytes in 167ms
06-12 21:55:28.299 V/P-WiFi Status Retriever(  524): err unmatch
06-12 21:55:28.539 D/dalvikvm(  524): GC freed 1196 objects / 442088 bytes in 122ms
06-12 21:55:28.769 V/P-WiFi Status Retriever(  524): err unmatch
06-12 21:55:29.399 D/WifiService(   72): ACTION_BATTERY_CHANGED pluggedType: 0
06-12 21:55:29.929 I/ActivityManager(   72): Starting activity: Intent { act=android.intent.action.MAIN cat=[android.intent.category.LAUNCHER] flg=0x10000000 cmp=net.assemble.emailnotify/.EmailNotifyActivity }
06-12 21:55:30.049 D/EmailNotify(  369): EmailObserverService started: ComponentInfo{net.assemble.emailnotify/net.assemble.emailnotify.EmailObserverService}
06-12 21:55:30.579 I/ActivityManager(   72): Displayed activity net.assemble.emailnotify/.EmailNotifyActivity: 639 ms (total 639 ms)
06-12 21:55:31.759 D/dalvikvm(  524): GC freed 1201 objects / 444000 bytes in 240ms
06-12 21:55:32.189 V/P-WiFi Status Retriever(  524): err unmatch
06-12 21:55:32.409 D/dalvikvm(  524): GC freed 1197 objects / 445120 bytes in 119ms
06-12 21:55:32.559 V/P-WiFi Status Retriever(  524): err unmatch
06-12 21:55:34.039 D/dalvikvm(  351): GC freed 9987 objects / 507608 bytes in 404ms
06-12 21:55:35.709 D/dalvikvm(  524): GC freed 1197 objects / 443632 bytes in 285ms
06-12 21:55:36.279 V/P-WiFi Status Retriever(  524): err unmatch
06-12 21:55:36.519 D/dalvikvm(  524): GC freed 1196 objects / 442256 bytes in 130ms
06-12 21:55:36.739 V/P-WiFi Status Retriever(  524): err unmatch
06-12 21:55:39.729 D/dalvikvm(  524): GC freed 1197 objects / 444928 bytes in 220ms
06-12 21:55:40.169 V/P-WiFi Status Retriever(  524): err unmatch
06-12 21:55:40.389 D/dalvikvm(  524): GC freed 1196 objects / 442008 bytes in 122ms
06-12 21:55:40.559 V/P-WiFi Status Retriever(  524): err unmatch
06-12 21:55:40.849 D/skia    ( 1100): purging 16K from font cache [2 entries]
06-12 21:55:40.979 D/dalvikvm( 1100): GC freed 1640 objects / 93000 bytes in 125ms
06-12 21:55:43.369 W/InputManagerService(   72): Window already focused, ignoring focus gain of: com.android.internal.view.IInputMethodClient$Stub$Proxy@433a3e78
06-12 21:55:43.589 D/dalvikvm(  524): GC freed 1197 objects / 443616 bytes in 186ms
06-12 21:55:44.069 V/P-WiFi Status Retriever(  524): err unmatch
06-12 21:55:44.299 D/dalvikvm(  524): GC freed 1196 objects / 442080 bytes in 129ms
06-12 21:55:44.459 V/P-WiFi Status Retriever(  524): err unmatch
06-12 21:55:44.809 I/ActivityManager(   72): Start proc com.android.settings for broadcast com.android.settings/.widget.SettingsAppWidgetProvider: pid=1168 uid=1000 gids={3003, 3002, 3001}
06-12 21:55:44.809 I/ActivityManager(   72): Starting activity: Intent { act=android.intent.action.MAIN cat=[android.intent.category.HOME] flg=0x10200000 cmp=ms.salt.prehome/.PreHome }
06-12 21:55:44.869 I/ActivityManager(   72): processNextBroadcast: waiting for ProcessRecord{432e8858 1168:com.android.settings/1000}
06-12 21:55:45.199 I/dalvikvm( 1168): Debugger thread not active, ignoring DDM send (t=0x41504e4d l=38)
06-12 21:55:45.289 I/dalvikvm( 1168): Debugger thread not active, ignoring DDM send (t=0x41504e4d l=44)
06-12 21:55:45.449 I/ActivityManager(   72): Displayed activity ms.salt.prehome/.PreHome: 599 ms (total 599 ms)
06-12 21:55:47.259 I/ActivityManager(   72): Starting activity: Intent { act=android.intent.action.MAIN cat=[android.intent.category.LAUNCHER] flg=0x10000000 cmp=net.assemble.emailnotify/.EmailNotifyActivity }
06-12 21:55:47.539 D/EmailNotify(  369): EmailObserverService started: ComponentInfo{net.assemble.emailnotify/net.assemble.emailnotify.EmailObserverService}
06-12 21:55:47.659 I/ActivityManager(   72): Displayed activity net.assemble.emailnotify/.EmailNotifyActivity: 367 ms (total 367 ms)
06-12 21:55:48.069 D/dalvikvm(  524): GC freed 1197 objects / 443680 bytes in 383ms
06-12 21:55:48.569 V/P-WiFi Status Retriever(  524): err unmatch
06-12 21:55:48.879 D/dalvikvm(  524): GC freed 1197 objects / 443840 bytes in 209ms
06-12 21:55:49.089 V/P-WiFi Status Retriever(  524): err unmatch
06-12 21:55:49.469 I/ActivityManager(   72): Process com.android.settings (pid 1168) has died.
